Archive member included because of file (symbol)

c:/siliconlabs/simplicitystudio/v4/developer/toolchains/gnu_arm/4.9_2015q3/bin/../lib/gcc/arm-none-eabi/4.9.3/armv7e-m/softfp\libgcc.a(_aeabi_uldivmod.o)
                              ./emlib/em_usart.o (__aeabi_uldivmod)
c:/siliconlabs/simplicitystudio/v4/developer/toolchains/gnu_arm/4.9_2015q3/bin/../lib/gcc/arm-none-eabi/4.9.3/armv7e-m/softfp\libgcc.a(bpabi.o)
                              c:/siliconlabs/simplicitystudio/v4/developer/toolchains/gnu_arm/4.9_2015q3/bin/../lib/gcc/arm-none-eabi/4.9.3/armv7e-m/softfp\libgcc.a(_aeabi_uldivmod.o) (__gnu_uldivmod_helper)
c:/siliconlabs/simplicitystudio/v4/developer/toolchains/gnu_arm/4.9_2015q3/bin/../lib/gcc/arm-none-eabi/4.9.3/armv7e-m/softfp\libgcc.a(unwind-arm.o)
                              ./src/main.o (__aeabi_unwind_cpp_pr0)
c:/siliconlabs/simplicitystudio/v4/developer/toolchains/gnu_arm/4.9_2015q3/bin/../lib/gcc/arm-none-eabi/4.9.3/armv7e-m/softfp\libgcc.a(libunwind.o)
                              c:/siliconlabs/simplicitystudio/v4/developer/toolchains/gnu_arm/4.9_2015q3/bin/../lib/gcc/arm-none-eabi/4.9.3/armv7e-m/softfp\libgcc.a(unwind-arm.o) (restore_core_regs)
c:/siliconlabs/simplicitystudio/v4/developer/toolchains/gnu_arm/4.9_2015q3/bin/../lib/gcc/arm-none-eabi/4.9.3/armv7e-m/softfp\libgcc.a(pr-support.o)
                              c:/siliconlabs/simplicitystudio/v4/developer/toolchains/gnu_arm/4.9_2015q3/bin/../lib/gcc/arm-none-eabi/4.9.3/armv7e-m/softfp\libgcc.a(unwind-arm.o) (__gnu_unwind_execute)
c:/siliconlabs/simplicitystudio/v4/developer/toolchains/gnu_arm/4.9_2015q3/bin/../lib/gcc/arm-none-eabi/4.9.3/armv7e-m/softfp\libgcc.a(_dvmd_tls.o)
                              c:/siliconlabs/simplicitystudio/v4/developer/toolchains/gnu_arm/4.9_2015q3/bin/../lib/gcc/arm-none-eabi/4.9.3/armv7e-m/softfp\libgcc.a(_aeabi_uldivmod.o) (__aeabi_ldiv0)
c:/siliconlabs/simplicitystudio/v4/developer/toolchains/gnu_arm/4.9_2015q3/bin/../lib/gcc/arm-none-eabi/4.9.3/armv7e-m/softfp\libgcc.a(_divdi3.o)
                              c:/siliconlabs/simplicitystudio/v4/developer/toolchains/gnu_arm/4.9_2015q3/bin/../lib/gcc/arm-none-eabi/4.9.3/armv7e-m/softfp\libgcc.a(bpabi.o) (__divdi3)
c:/siliconlabs/simplicitystudio/v4/developer/toolchains/gnu_arm/4.9_2015q3/bin/../lib/gcc/arm-none-eabi/4.9.3/armv7e-m/softfp\libgcc.a(_udivdi3.o)
                              c:/siliconlabs/simplicitystudio/v4/developer/toolchains/gnu_arm/4.9_2015q3/bin/../lib/gcc/arm-none-eabi/4.9.3/armv7e-m/softfp\libgcc.a(bpabi.o) (__udivdi3)
c:/siliconlabs/simplicitystudio/v4/developer/toolchains/gnu_arm/4.9_2015q3/bin/../lib/gcc/arm-none-eabi/4.9.3/../../../../arm-none-eabi/lib/armv7e-m/softfp\libc_nano.a(lib_a-abort.o)
                              c:/siliconlabs/simplicitystudio/v4/developer/toolchains/gnu_arm/4.9_2015q3/bin/../lib/gcc/arm-none-eabi/4.9.3/armv7e-m/softfp\libgcc.a(unwind-arm.o) (abort)
c:/siliconlabs/simplicitystudio/v4/developer/toolchains/gnu_arm/4.9_2015q3/bin/../lib/gcc/arm-none-eabi/4.9.3/../../../../arm-none-eabi/lib/armv7e-m/softfp\libc_nano.a(lib_a-abs.o)
                              ./Drivers/segmentlcd.o (abs)
c:/siliconlabs/simplicitystudio/v4/developer/toolchains/gnu_arm/4.9_2015q3/bin/../lib/gcc/arm-none-eabi/4.9.3/../../../../arm-none-eabi/lib/armv7e-m/softfp\libc_nano.a(lib_a-exit.o)
                              c:/siliconlabs/simplicitystudio/v4/developer/toolchains/gnu_arm/4.9_2015q3/bin/../lib/gcc/arm-none-eabi/4.9.3/../../../../arm-none-eabi/lib/armv7e-m/softfp/crt0.o (exit)
c:/siliconlabs/simplicitystudio/v4/developer/toolchains/gnu_arm/4.9_2015q3/bin/../lib/gcc/arm-none-eabi/4.9.3/../../../../arm-none-eabi/lib/armv7e-m/softfp\libc_nano.a(lib_a-impure.o)
                              c:/siliconlabs/simplicitystudio/v4/developer/toolchains/gnu_arm/4.9_2015q3/bin/../lib/gcc/arm-none-eabi/4.9.3/../../../../arm-none-eabi/lib/armv7e-m/softfp\libc_nano.a(lib_a-exit.o) (_global_impure_ptr)
c:/siliconlabs/simplicitystudio/v4/developer/toolchains/gnu_arm/4.9_2015q3/bin/../lib/gcc/arm-none-eabi/4.9.3/../../../../arm-none-eabi/lib/armv7e-m/softfp\libc_nano.a(lib_a-init.o)
                              c:/siliconlabs/simplicitystudio/v4/developer/toolchains/gnu_arm/4.9_2015q3/bin/../lib/gcc/arm-none-eabi/4.9.3/../../../../arm-none-eabi/lib/armv7e-m/softfp/crt0.o (__libc_init_array)
c:/siliconlabs/simplicitystudio/v4/developer/toolchains/gnu_arm/4.9_2015q3/bin/../lib/gcc/arm-none-eabi/4.9.3/../../../../arm-none-eabi/lib/armv7e-m/softfp\libc_nano.a(lib_a-memcpy.o)
                              c:/siliconlabs/simplicitystudio/v4/developer/toolchains/gnu_arm/4.9_2015q3/bin/../lib/gcc/arm-none-eabi/4.9.3/armv7e-m/softfp\libgcc.a(unwind-arm.o) (memcpy)
c:/siliconlabs/simplicitystudio/v4/developer/toolchains/gnu_arm/4.9_2015q3/bin/../lib/gcc/arm-none-eabi/4.9.3/../../../../arm-none-eabi/lib/armv7e-m/softfp\libc_nano.a(lib_a-memset.o)
[...]
Memory Configuration

Name             Origin             Length             Attributes
FLASH            0x00000000         0x00040000         xr
RAM              0x20000000         0x00008000         xrw
*default*        0x00000000         0xffffffff

Linker script and memory map

LOAD c:/siliconlabs/simplicitystudio/v4/developer/toolchains/gnu_arm/4.9_2015q3/bin/../lib/gcc/arm-none-eabi/4.9.3/armv7e-m/softfp/crti.o
LOAD c:/siliconlabs/simplicitystudio/v4/developer/toolchains/gnu_arm/4.9_2015q3/bin/../lib/gcc/arm-none-eabi/4.9.3/armv7e-m/softfp/crtbegin.o
LOAD c:/siliconlabs/simplicitystudio/v4/developer/toolchains/gnu_arm/4.9_2015q3/bin/../lib/gcc/arm-none-eabi/4.9.3/../../../../arm-none-eabi/lib/armv7e-m/softfp/crt0.o
LOAD ./CMSIS/EFM32WG/startup_efm32wg.o
LOAD ./CMSIS/EFM32WG/system_efm32wg.o
LOAD ./Drivers/dmactrl.o
LOAD ./Drivers/segmentlcd.o
LOAD ./emlib/em_acmp.o
LOAD ./emlib/em_adc.o
LOAD ./emlib/em_aes.o
LOAD ./emlib/em_assert.o
LOAD ./emlib/em_burtc.o
LOAD ./emlib/em_can.o
LOAD ./emlib/em_cmu.o
LOAD ./emlib/em_core.o
LOAD ./emlib/em_cryotimer.o
LOAD ./emlib/em_crypto.o
LOAD ./emlib/em_csen.o
LOAD ./emlib/em_dac.o
LOAD ./emlib/em_dbg.o
LOAD ./emlib/em_dma.o
LOAD ./emlib/em_ebi.o
LOAD ./emlib/em_emu.o
LOAD ./emlib/em_gpcrc.o
LOAD ./emlib/em_gpio.o
LOAD ./emlib/em_i2c.o
LOAD ./emlib/em_idac.o
LOAD ./emlib/em_int.o
LOAD ./emlib/em_lcd.o
LOAD ./emlib/em_ldma.o
LOAD ./emlib/em_lesense.o
LOAD ./emlib/em_letimer.o
LOAD ./emlib/em_leuart.o
LOAD ./emlib/em_mpu.o
LOAD ./emlib/em_msc.o
LOAD ./emlib/em_opamp.o
LOAD ./emlib/em_pcnt.o
LOAD ./emlib/em_prs.o
LOAD ./emlib/em_qspi.o
LOAD ./emlib/em_rmu.o
LOAD ./emlib/em_rtc.o
LOAD ./emlib/em_rtcc.o
LOAD ./emlib/em_system.o
LOAD ./emlib/em_timer.o
LOAD ./emlib/em_usart.o
LOAD ./emlib/em_vcmp.o
LOAD ./emlib/em_vdac.o
LOAD ./emlib/em_wdog.o
LOAD ./src/main.o
START GROUP
LOAD c:/siliconlabs/simplicitystudio/v4/developer/toolchains/gnu_arm/4.9_2015q3/bin/../lib/gcc/arm-none-eabi/4.9.3/armv7e-m/softfp\libgcc.a
LOAD c:/siliconlabs/simplicitystudio/v4/developer/toolchains/gnu_arm/4.9_2015q3/bin/../lib/gcc/arm-none-eabi/4.9.3/../../../../arm-none-eabi/lib/armv7e-m/softfp\libnosys.a
END GROUP
LOAD c:/siliconlabs/simplicitystudio/v4/developer/toolchains/gnu_arm/4.9_2015q3/bin/../lib/gcc/arm-none-eabi/4.9.3/../../../../arm-none-eabi/lib/armv7e-m/softfp\libstdc++_nano.a
LOAD c:/siliconlabs/simplicitystudio/v4/developer/toolchains/gnu_arm/4.9_2015q3/bin/../lib/gcc/arm-none-eabi/4.9.3/../../../../arm-none-eabi/lib/armv7e-m/softfp\libm.a
LOAD c:/siliconlabs/simplicitystudio/v4/developer/toolchains/gnu_arm/4.9_2015q3/bin/../lib/gcc/arm-none-eabi/4.9.3/../../../../arm-none-eabi/lib/armv7e-m/softfp\libc_nano.a
START GROUP
LOAD c:/siliconlabs/simplicitystudio/v4/developer/toolchains/gnu_arm/4.9_2015q3/bin/../lib/gcc/arm-none-eabi/4.9.3/armv7e-m/softfp\libgcc.a
LOAD c:/siliconlabs/simplicitystudio/v4/developer/toolchains/gnu_arm/4.9_2015q3/bin/../lib/gcc/arm-none-eabi/4.9.3/../../../../arm-none-eabi/lib/armv7e-m/softfp\libg_nano.a
LOAD c:/siliconlabs/simplicitystudio/v4/developer/toolchains/gnu_arm/4.9_2015q3/bin/../lib/gcc/arm-none-eabi/4.9.3/../../../../arm-none-eabi/lib/armv7e-m/softfp\libc_nano.a
END GROUP
START GROUP
LOAD c:/siliconlabs/simplicitystudio/v4/developer/toolchains/gnu_arm/4.9_2015q3/bin/../lib/gcc/arm-none-eabi/4.9.3/armv7e-m/softfp\libgcc.a
LOAD c:/siliconlabs/simplicitystudio/v4/developer/toolchains/gnu_arm/4.9_2015q3/bin/../lib/gcc/arm-none-eabi/4.9.3/../../../../arm-none-eabi/lib/armv7e-m/softfp\libc_nano.a
LOAD c:/siliconlabs/simplicitystudio/v4/developer/toolchains/gnu_arm/4.9_2015q3/bin/../lib/gcc/arm-none-eabi/4.9.3/../../../../arm-none-eabi/lib/armv7e-m/softfp\libnosys.a
END GROUP
START GROUP
LOAD c:/siliconlabs/simplicitystudio/v4/developer/toolchains/gnu_arm/4.9_2015q3/bin/../lib/gcc/arm-none-eabi/4.9.3/armv7e-m/softfp\libgcc.a
LOAD c:/siliconlabs/simplicitystudio/v4/developer/toolchains/gnu_arm/4.9_2015q3/bin/../lib/gcc/arm-none-eabi/4.9.3/../../../../arm-none-eabi/lib/armv7e-m/softfp\libc_nano.a
LOAD c:/siliconlabs/simplicitystudio/v4/developer/toolchains/gnu_arm/4.9_2015q3/bin/../lib/gcc/arm-none-eabi/4.9.3/../../../../arm-none-eabi/lib/armv7e-m/softfp\libnosys.a
END GROUP
LOAD c:/siliconlabs/simplicitystudio/v4/developer/toolchains/gnu_arm/4.9_2015q3/bin/../lib/gcc/arm-none-eabi/4.9.3/armv7e-m/softfp/crtend.o
LOAD c:/siliconlabs/simplicitystudio/v4/developer/toolchains/gnu_arm/4.9_2015q3/bin/../lib/gcc/arm-none-eabi/4.9.3/armv7e-m/softfp/crtn.o

.text           0x00000000     0x271c
 *(.vectors)
 .vectors       0x00000000       0xe0 ./CMSIS/EFM32WG/startup_efm32wg.o
                0x00000000                __Vectors
                0x000000e0                __Vectors_End = .
                0x000000e0                __Vectors_Size = (__Vectors_End - __Vectors)
                0x000000e0                __end__ = .
 *(.text*)
 .text          0x000000e0       0x5c c:/siliconlabs/simplicitystudio/v4/developer/toolchains/gnu_arm/4.9_2015q3/bin/../lib/gcc/arm-none-eabi/4.9.3/armv7e-m/softfp/crtbegin.o
 .text          0x0000013c       0x74 c:/siliconlabs/simplicitystudio/v4/developer/toolchains/gnu_arm/4.9_2015q3/bin/../lib/gcc/arm-none-eabi/4.9.3/../../../../arm-none-eabi/lib/armv7e-m/softfp/crt0.o
                0x0000013c                _start
                0x0000013c                _mainCRTStartup
 .text          0x000001b0       0x30 ./CMSIS/EFM32WG/startup_efm32wg.o
                0x000001b0                Reset_Handler
                0x000001dc                DebugMon_Handler
                0x000001dc                USART0_TX_IRQHandler
                0x000001dc                I2C0_IRQHandler
                0x000001dc                HardFault_Handler
                0x000001dc                LEUART1_IRQHandler
                0x000001dc                SysTick_Handler
                0x000001dc                USART1_RX_IRQHandler
                0x000001dc                PendSV_Handler
                0x000001dc                NMI_Handler
                0x000001dc                I2C1_IRQHandler
                0x000001dc                TIMER3_IRQHandler
                0x000001dc                USART1_TX_IRQHandler
                0x000001dc                MSC_IRQHandler
                0x000001dc                ADC0_IRQHandler
                0x000001dc                UsageFault_Handler
                0x000001dc                LEUART0_IRQHandler
                0x000001dc                FPUEH_IRQHandler
                0x000001dc                UART0_TX_IRQHandler
                0x000001dc                UART1_TX_IRQHandler
                0x000001dc                RTC_IRQHandler
                0x000001dc                TIMER2_IRQHandler
                0x000001dc                LCD_IRQHandler
                0x000001dc                PCNT2_IRQHandler
                0x000001dc                UART0_RX_IRQHandler
                0x000001dc                LETIMER0_IRQHandler
                0x000001dc                TIMER1_IRQHandler
                0x000001dc                USART2_RX_IRQHandler
                0x000001dc                Default_Handler
                0x000001dc                EMU_IRQHandler
                0x000001dc                PCNT0_IRQHandler
                0x000001dc                USB_IRQHandler
                0x000001dc                BURTC_IRQHandler
                0x000001dc                PCNT1_IRQHandler
                0x000001dc                ACMP0_IRQHandler
                0x000001dc                USART0_RX_IRQHandler
                0x000001dc                MemManage_Handler
                0x000001dc                SVC_Handler
                0x000001dc                DAC0_IRQHandler
                0x000001dc                UART1_RX_IRQHandler
                0x000001dc                CMU_IRQHandler
                0x000001dc                EBI_IRQHandler
                0x000001dc                LESENSE_IRQHandler
                0x000001dc                AES_IRQHandler
                0x000001dc                VCMP_IRQHandler
                0x000001dc                BusFault_Handler
                0x000001dc                USART2_TX_IRQHandler
 .text.GetProdRev
                0x000001e0       0x1c ./CMSIS/EFM32WG/system_efm32wg.o
 .text.SystemCoreClockGet
                0x000001fc       0x34 ./CMSIS/EFM32WG/system_efm32wg.o
                0x000001fc                SystemCoreClockGet
 .text.SystemHFClockGet
                0x00000230      0x100 ./CMSIS/EFM32WG/system_efm32wg.o
                0x00000230                SystemHFClockGet
 .text.SystemInit
                0x00000330       0x20 ./CMSIS/EFM32WG/system_efm32wg.o
                0x00000330                SystemInit
 .text.SystemLFRCOClockGet
                0x00000350       0x14 ./CMSIS/EFM32WG/system_efm32wg.o
                0x00000350                SystemLFRCOClockGet
 .text.SystemULFRCOClockGet
                0x00000364       0x14 ./CMSIS/EFM32WG/system_efm32wg.o
                0x00000364                SystemULFRCOClockGet
 .text.SystemLFXOClockGet
                0x00000378       0x18 ./CMSIS/EFM32WG/system_efm32wg.o
                0x00000378                SystemLFXOClockGet
 .text.ADC_LoadDevinfoCal
                0x00000390      0x13c ./emlib/em_adc.o
 .text.ADC_Init
                0x000004cc       0x88 ./emlib/em_adc.o
                0x000004cc                ADC_Init
 .text.ADC_InitSingle
                0x00000554       0x9c ./emlib/em_adc.o
                0x00000554                ADC_InitSingle
 .text.ADC_PrescaleCalc
                0x000005f0       0x64 ./emlib/em_adc.o
                0x000005f0                ADC_PrescaleCalc
 .text.ADC_TimebaseCalc
                0x00000654       0x60 ./emlib/em_adc.o
                0x00000654                ADC_TimebaseCalc
 .text.BUS_RegBitWrite
                0x000006b4       0x2c ./emlib/em_cmu.o
 .text.BUS_RegBitRead
                0x000006e0       0x2c ./emlib/em_cmu.o
 .text.CMU_DivToLog2
                0x0000070c       0x34 ./emlib/em_cmu.o
 .text.SYSTEM_GetProdRev
                0x00000740       0x1c ./emlib/em_cmu.o
 .text.setHfLeConfig
                0x0000075c       0x60 ./emlib/em_cmu.o
 .text.getHfLeConfig
                0x000007bc       0x20 ./emlib/em_cmu.o
 .text.auxClkGet
                0x000007dc       0xb0 ./emlib/em_cmu.o
 .text.dbgClkGet
                0x0000088c       0x40 ./emlib/em_cmu.o
 .text.lfClkGet
                0x000008cc       0xec ./emlib/em_cmu.o
 .text.syncReg  0x000009b8       0x34 ./emlib/em_cmu.o
 .text.usbCClkGet
                0x000009ec       0x4c ./emlib/em_cmu.o
 .text.CMU_ClockEnable
                0x00000a38       0xd0 ./emlib/em_cmu.o
                0x00000a38                CMU_ClockEnable
 .text.CMU_ClockFreqGet
                0x00000b08      0x1d8 ./emlib/em_cmu.o
                0x00000b08                CMU_ClockFreqGet
 .text.CMU_ClockSelectGet
                0x00000ce0      0x15c ./emlib/em_cmu.o
                0x00000ce0                CMU_ClockSelectGet
 .text.DMA_IRQHandler
                0x00000e3c       0xd8 ./emlib/em_dma.o
                0x00000e3c                DMA_IRQHandler
 .text.BUS_RegBitWrite
                0x00000f14       0x2c ./emlib/em_gpio.o
 .text.BUS_RegMaskedWrite
                0x00000f40       0x28 ./emlib/em_gpio.o
 .text.GPIO_PinOutClear
                0x00000f68       0x58 ./emlib/em_gpio.o
 .text.GPIO_PinOutSet
                0x00000fc0       0x58 ./emlib/em_gpio.o
 .text.GPIO_ExtIntConfig
                0x00001018       0xd4 ./emlib/em_gpio.o
                0x00001018                GPIO_ExtIntConfig
 .text.GPIO_PinModeSet
                0x000010ec      0x10c ./emlib/em_gpio.o
                0x000010ec                GPIO_PinModeSet
 .text.TIMER_Valid
                0x000011f8       0x50 ./emlib/em_timer.o
 .text.TIMER_Init
                0x00001248       0xdc ./emlib/em_timer.o
                0x00001248                TIMER_Init
 .text.NVIC_EnableIRQ
                0x00001324       0x30 ./src/main.o
 .text.NVIC_ClearPendingIRQ
                0x00001354       0x34 ./src/main.o
 .text.ADC_DataSingleGet
                0x00001388       0x18 ./src/main.o
 .text.ADC_Start
                0x000013a0       0x1c ./src/main.o
 .text.GPIO_IntConfig
                0x000013bc       0x38 ./src/main.o
 .text.CHIP_Init
                0x000013f4        0xc ./src/main.o
 .text.GPIO_EVEN_IRQHandler
                0x00001400       0x1c ./src/main.o
                0x00001400                GPIO_EVEN_IRQHandler
 .text.GPIO_ODD_IRQHandler
                0x0000141c       0x1c ./src/main.o
                0x0000141c                GPIO_ODD_IRQHandler
 .text.TIMER0_IRQHandler
                0x00001438       0x20 ./src/main.o
                0x00001438                TIMER0_IRQHandler
 .text._Z9gpioSetupv
                0x00001458       0x68 ./src/main.o
                0x00001458                gpioSetup()
 .text._Z8adcSetupv
                0x000014c0       0x94 ./src/main.o
                0x000014c0                adcSetup()
 .text._Z10timerSetupv
                0x00001554       0x88 ./src/main.o
                0x00001554                timerSetup()
 .text.main     0x000015dc       0x4c ./src/main.o
                0x000015dc                main
 .text          0x00001628      0xa50 c:/siliconlabs/simplicitystudio/v4/developer/toolchains/gnu_arm/4.9_2015q3/bin/../lib/gcc/arm-none-eabi/4.9.3/armv7e-m/softfp\libgcc.a(unwind-arm.o)
                0x00001904                _Unwind_GetCFA
                0x00001908                __gnu_Unwind_RaiseException
                0x00001968                __gnu_Unwind_ForcedUnwind
                0x0000197c                __gnu_Unwind_Resume
                0x000019c0                __gnu_Unwind_Resume_or_Rethrow
                0x000019d0                _Unwind_Complete
                0x000019d4                _Unwind_DeleteException
                0x000019e0                _Unwind_VRS_Get
                0x00001a30                _Unwind_VRS_Set
                0x00001a80                __gnu_Unwind_Backtrace
                0x00001dc4                __aeabi_unwind_cpp_pr0
                0x00001dc8                __aeabi_unwind_cpp_pr1
                0x00001dcc                __aeabi_unwind_cpp_pr2
                0x00001dd0                _Unwind_VRS_Pop
 .text          0x00002078      0x1ac c:/siliconlabs/simplicitystudio/v4/developer/toolchains/gnu_arm/4.9_2015q3/bin/../lib/gcc/arm-none-eabi/4.9.3/armv7e-m/softfp\libgcc.a(libunwind.o)
                0x00002078                __restore_core_regs
                0x00002078                restore_core_regs
                0x00002090                __gnu_Unwind_Restore_VFP
                0x00002098                __gnu_Unwind_Save_VFP
                0x000020a0                __gnu_Unwind_Restore_VFP_D
                0x000020a8                __gnu_Unwind_Save_VFP_D
                0x000020b0                __gnu_Unwind_Restore_VFP_D_16_to_31
                0x000020b8                __gnu_Unwind_Save_VFP_D_16_to_31
                0x000020c0                __gnu_Unwind_Restore_WMMXD
                0x00002104                __gnu_Unwind_Save_WMMXD
                0x00002148                __gnu_Unwind_Restore_WMMXC
                0x0000215c                __gnu_Unwind_Save_WMMXC
                0x00002170                ___Unwind_RaiseException
                0x00002170                _Unwind_RaiseException
                0x00002194                _Unwind_Resume
                0x00002194                ___Unwind_Resume
                0x000021b8                _Unwind_Resume_or_Rethrow
                0x000021b8                ___Unwind_Resume_or_Rethrow
                0x000021dc                _Unwind_ForcedUnwind
                0x000021dc                ___Unwind_ForcedUnwind
                0x00002200                ___Unwind_Backtrace
                0x00002200                _Unwind_Backtrace
 .text          0x00002224      0x37c c:/siliconlabs/simplicitystudio/v4/developer/toolchains/gnu_arm/4.9_2015q3/bin/../lib/gcc/arm-none-eabi/4.9.3/armv7e-m/softfp\libgcc.a(pr-support.o)
                0x0000227c                __gnu_unwind_execute
                0x00002548                __gnu_unwind_frame
                0x00002570                _Unwind_GetRegionStart
                0x0000257c                _Unwind_GetLanguageSpecificData
                0x00002590                _Unwind_GetDataRelBase
                0x00002598                _Unwind_GetTextRelBase
 .text.abort    0x000025a0        0xe c:/siliconlabs/simplicitystudio/v4/developer/toolchains/gnu_arm/4.9_2015q3/bin/../lib/gcc/arm-none-eabi/4.9.3/../../../../arm-none-eabi/lib/armv7e-m/softfp\libc_nano.a(lib_a-abort.o)
                0x000025a0                abort
 *fill*         0x000025ae        0x2 
 .text.exit     0x000025b0       0x28 c:/siliconlabs/simplicitystudio/v4/developer/toolchains/gnu_arm/4.9_2015q3/bin/../lib/gcc/arm-none-eabi/4.9.3/../../../../arm-none-eabi/lib/armv7e-m/softfp\libc_nano.a(lib_a-exit.o)
                0x000025b0                exit
 .text.__libc_init_array
                0x000025d8       0x4c c:/siliconlabs/simplicitystudio/v4/developer/toolchains/gnu_arm/4.9_2015q3/bin/../lib/gcc/arm-none-eabi/4.9.3/../../../../arm-none-eabi/lib/armv7e-m/softfp\libc_nano.a(lib_a-init.o)
                0x000025d8                __libc_init_array
 .text.memcpy   0x00002624       0x16 c:/siliconlabs/simplicitystudio/v4/developer/toolchains/gnu_arm/4.9_2015q3/bin/../lib/gcc/arm-none-eabi/4.9.3/../../../../arm-none-eabi/lib/armv7e-m/softfp\libc_nano.a(lib_a-memcpy.o)
                0x00002624                memcpy
 .text.memset   0x0000263a       0x10 c:/siliconlabs/simplicitystudio/v4/developer/toolchains/gnu_arm/4.9_2015q3/bin/../lib/gcc/arm-none-eabi/4.9.3/../../../../arm-none-eabi/lib/armv7e-m/softfp\libc_nano.a(lib_a-memset.o)
                0x0000263a                memset
 .text._raise_r
                0x0000264a       0x50 c:/siliconlabs/simplicitystudio/v4/developer/toolchains/gnu_arm/4.9_2015q3/bin/../lib/gcc/arm-none-eabi/4.9.3/../../../../arm-none-eabi/lib/armv7e-m/softfp\libc_nano.a(lib_a-signal.o)
                0x0000264a                _raise_r
 *fill*         0x0000269a        0x2 
 .text.raise    0x0000269c       0x10 c:/siliconlabs/simplicitystudio/v4/developer/toolchains/gnu_arm/4.9_2015q3/bin/../lib/gcc/arm-none-eabi/4.9.3/../../../../arm-none-eabi/lib/armv7e-m/softfp\libc_nano.a(lib_a-signal.o)
                0x0000269c                raise
 .text._kill_r  0x000026ac       0x24 c:/siliconlabs/simplicitystudio/v4/developer/toolchains/gnu_arm/4.9_2015q3/bin/../lib/gcc/arm-none-eabi/4.9.3/../../../../arm-none-eabi/lib/armv7e-m/softfp\libc_nano.a(lib_a-signalr.o)
                0x000026ac                _kill_r
 .text._getpid_r
                0x000026d0        0x4 c:/siliconlabs/simplicitystudio/v4/developer/toolchains/gnu_arm/4.9_2015q3/bin/../lib/gcc/arm-none-eabi/4.9.3/../../../../arm-none-eabi/lib/armv7e-m/softfp\libc_nano.a(lib_a-signalr.o)
                0x000026d0                _getpid_r
 .text._getpid  0x000026d4       0x10 c:/siliconlabs/simplicitystudio/v4/developer/toolchains/gnu_arm/4.9_2015q3/bin/../lib/gcc/arm-none-eabi/4.9.3/../../../../arm-none-eabi/lib/armv7e-m/softfp\libnosys.a(getpid.o)
                0x000026d4                _getpid
 .text._kill    0x000026e4       0x10 c:/siliconlabs/simplicitystudio/v4/developer/toolchains/gnu_arm/4.9_2015q3/bin/../lib/gcc/arm-none-eabi/4.9.3/../../../../arm-none-eabi/lib/armv7e-m/softfp\libnosys.a(kill.o)
                0x000026e4                _kill
 .text._exit    0x000026f4        0x4 c:/siliconlabs/simplicitystudio/v4/developer/toolchains/gnu_arm/4.9_2015q3/bin/../lib/gcc/arm-none-eabi/4.9.3/../../../../arm-none-eabi/lib/armv7e-m/softfp\libnosys.a(_exit.o)
                0x000026f4                _exit
 *(.init)
 .init          0x000026f8        0x4 c:/siliconlabs/simplicitystudio/v4/developer/toolchains/gnu_arm/4.9_2015q3/bin/../lib/gcc/arm-none-eabi/4.9.3/armv7e-m/softfp/crti.o
                0x000026f8                _init
 .init          0x000026fc        0x8 c:/siliconlabs/simplicitystudio/v4/developer/toolchains/gnu_arm/4.9_2015q3/bin/../lib/gcc/arm-none-eabi/4.9.3/armv7e-m/softfp/crtn.o
 *(.fini)
 .fini          0x00002704        0x4 c:/siliconlabs/simplicitystudio/v4/developer/toolchains/gnu_arm/4.9_2015q3/bin/../lib/gcc/arm-none-eabi/4.9.3/armv7e-m/softfp/crti.o
                0x00002704                _fini
 .fini          0x00002708        0x8 c:/siliconlabs/simplicitystudio/v4/developer/toolchains/gnu_arm/4.9_2015q3/bin/../lib/gcc/arm-none-eabi/4.9.3/armv7e-m/softfp/crtn.o
 *crtbegin.o(.ctors)
 *crtbegin?.o(.ctors)
 *(EXCLUDE_FILE(*crtend.o *crtend?.o) .ctors)
 *(SORT(.ctors.*))
 *(.ctors)
 *crtbegin.o(.dtors)
 *crtbegin?.o(.dtors)
 *(EXCLUDE_FILE(*crtend.o *crtend?.o) .dtors)
 *(SORT(.dtors.*))
 *(.dtors)
 *(.rodata*)
 .rodata.str1.1
                0x00002710        0x2 c:/siliconlabs/simplicitystudio/v4/developer/toolchains/gnu_arm/4.9_2015q3/bin/../lib/gcc/arm-none-eabi/4.9.3/../../../../arm-none-eabi/lib/armv7e-m/softfp\libc_nano.a(lib_a-impure.o)
 *fill*         0x00002712        0x2 
 .rodata._global_impure_ptr
                0x00002714        0x4 c:/siliconlabs/simplicitystudio/v4/developer/toolchains/gnu_arm/4.9_2015q3/bin/../lib/gcc/arm-none-eabi/4.9.3/../../../../arm-none-eabi/lib/armv7e-m/softfp\libc_nano.a(lib_a-impure.o)
                0x00002714                _global_impure_ptr
 *(.eh_frame*)
 .eh_frame      0x00002718        0x0 c:/siliconlabs/simplicitystudio/v4/developer/toolchains/gnu_arm/4.9_2015q3/bin/../lib/gcc/arm-none-eabi/4.9.3/armv7e-m/softfp/crtbegin.o
 .eh_frame      0x00002718        0x4 c:/siliconlabs/simplicitystudio/v4/developer/toolchains/gnu_arm/4.9_2015q3/bin/../lib/gcc/arm-none-eabi/4.9.3/armv7e-m/softfp/crtend.o

.glue_7         0x0000271c        0x0
 .glue_7        0x00000000        0x0 linker stubs

.glue_7t        0x0000271c        0x0
 .glue_7t       0x00000000        0x0 linker stubs

.vfp11_veneer   0x0000271c        0x0
 .vfp11_veneer  0x00000000        0x0 linker stubs

.v4_bx          0x0000271c        0x0
 .v4_bx         0x00000000        0x0 linker stubs

.iplt           0x0000271c        0x0
 .iplt          0x00000000        0x0 c:/siliconlabs/simplicitystudio/v4/developer/toolchains/gnu_arm/4.9_2015q3/bin/../lib/gcc/arm-none-eabi/4.9.3/armv7e-m/softfp/crtbegin.o

.ARM.extab      0x0000271c       0x3c
 *(.ARM.extab* .gnu.linkonce.armextab.*)
 .ARM.extab.text.GPIO_IntConfig
                0x0000271c        0xc ./src/main.o
 .ARM.extab.text._Z8adcSetupv
                0x00002728        0xc ./src/main.o
 .ARM.extab.text._Z10timerSetupv
                0x00002734        0xc ./src/main.o
 .ARM.extab     0x00002740       0x18 c:/siliconlabs/simplicitystudio/v4/developer/toolchains/gnu_arm/4.9_2015q3/bin/../lib/gcc/arm-none-eabi/4.9.3/armv7e-m/softfp\libgcc.a(pr-support.o)
                0x00002758                __exidx_start = .

.ARM.exidx      0x00002758       0xf0
 *(.ARM.exidx* .gnu.linkonce.armexidx.*)
 .ARM.exidx     0x00002758        0x8 c:/siliconlabs/simplicitystudio/v4/developer/toolchains/gnu_arm/4.9_2015q3/bin/../lib/gcc/arm-none-eabi/4.9.3/../../../../arm-none-eabi/lib/armv7e-m/softfp/crt0.o
 .ARM.exidx.text.NVIC_EnableIRQ
                0x00002760        0x0 ./src/main.o
                                  0x8 (size before relaxing)
 .ARM.exidx.text.NVIC_ClearPendingIRQ
                0x00002760        0x0 ./src/main.o
                                  0x8 (size before relaxing)
 .ARM.exidx.text.ADC_DataSingleGet
                0x00002760        0x0 ./src/main.o
                                  0x8 (size before relaxing)
 .ARM.exidx.text.ADC_Start
                0x00002760        0x0 ./src/main.o
                                  0x8 (size before relaxing)
 .ARM.exidx.text.GPIO_IntConfig
                0x00002760        0x8 ./src/main.o
 .ARM.exidx.text.CHIP_Init
                0x00002768        0x8 ./src/main.o
 .ARM.exidx.text.GPIO_EVEN_IRQHandler
                0x00002770        0x0 ./src/main.o
                                  0x8 (size before relaxing)
 .ARM.exidx.text.GPIO_ODD_IRQHandler
                0x00002770        0x0 ./src/main.o
                                  0x8 (size before relaxing)
 .ARM.exidx.text.TIMER0_IRQHandler
                0x00002770        0x0 ./src/main.o
                                  0x8 (size before relaxing)
 .ARM.exidx.text._Z9gpioSetupv
                0x00002770        0x8 ./src/main.o
 .ARM.exidx.text._Z8adcSetupv
                0x00002778        0x8 ./src/main.o
 .ARM.exidx.text._Z10timerSetupv
                0x00002780        0x8 ./src/main.o
 .ARM.exidx.text.main
                0x00002788        0x8 ./src/main.o
 .ARM.exidx     0x00002790       0x80 c:/siliconlabs/simplicitystudio/v4/developer/toolchains/gnu_arm/4.9_2015q3/bin/../lib/gcc/arm-none-eabi/4.9.3/armv7e-m/softfp\libgcc.a(unwind-arm.o)
                                 0xd8 (size before relaxing)
 .ARM.exidx     0x00002810       0x38 c:/siliconlabs/simplicitystudio/v4/developer/toolchains/gnu_arm/4.9_2015q3/bin/../lib/gcc/arm-none-eabi/4.9.3/armv7e-m/softfp\libgcc.a(pr-support.o)
                                 0x48 (size before relaxing)
                0x00002848                __exidx_end = .
                0x00002848                __etext = .

.rel.dyn        0x00002848        0x0
 .rel.iplt      0x00000000        0x0 c:/siliconlabs/simplicitystudio/v4/developer/toolchains/gnu_arm/4.9_2015q3/bin/../lib/gcc/arm-none-eabi/4.9.3/armv7e-m/softfp/crtbegin.o

.data           0x20000000       0x7c load address 0x00002848
                0x20000000                __data_start__ = .
 *(vtable)
 *(.data*)
 .data.SystemHFXOClock
                0x20000000        0x4 ./CMSIS/EFM32WG/system_efm32wg.o
 .data.SystemLFXOClock
                0x20000004        0x4 ./CMSIS/EFM32WG/system_efm32wg.o
 .data.SystemCoreClock
                0x20000008        0x4 ./CMSIS/EFM32WG/system_efm32wg.o
                0x20000008                SystemCoreClock
 .data.impure_data
                0x2000000c       0x60 c:/siliconlabs/simplicitystudio/v4/developer/toolchains/gnu_arm/4.9_2015q3/bin/../lib/gcc/arm-none-eabi/4.9.3/../../../../arm-none-eabi/lib/armv7e-m/softfp\libc_nano.a(lib_a-impure.o)
 .data._impure_ptr
                0x2000006c        0x4 c:/siliconlabs/simplicitystudio/v4/developer/toolchains/gnu_arm/4.9_2015q3/bin/../lib/gcc/arm-none-eabi/4.9.3/../../../../arm-none-eabi/lib/armv7e-m/softfp\libc_nano.a(lib_a-impure.o)
                0x2000006c                _impure_ptr
                0x20000070                . = ALIGN (0x4)
 *(.ram)
                0x20000070                . = ALIGN (0x4)
                0x20000070                PROVIDE (__preinit_array_start, .)
 *(.preinit_array)
                0x20000070                PROVIDE (__preinit_array_end, .)
                0x20000070                . = ALIGN (0x4)
                0x20000070                PROVIDE (__init_array_start, .)
 *(SORT(.init_array.*))
 *(.init_array)
 .init_array    0x20000070        0x4 c:/siliconlabs/simplicitystudio/v4/developer/toolchains/gnu_arm/4.9_2015q3/bin/../lib/gcc/arm-none-eabi/4.9.3/armv7e-m/softfp/crtbegin.o
                0x20000074                PROVIDE (__init_array_end, .)
                0x20000074                . = ALIGN (0x4)
                0x20000074                PROVIDE (__fini_array_start, .)
 *(SORT(.fini_array.*))
 *(.fini_array)
 .fini_array    0x20000074        0x4 c:/siliconlabs/simplicitystudio/v4/developer/toolchains/gnu_arm/4.9_2015q3/bin/../lib/gcc/arm-none-eabi/4.9.3/armv7e-m/softfp/crtbegin.o
                0x20000078                PROVIDE (__fini_array_end, .)
 *(.jcr*)
 .jcr           0x20000078        0x0 c:/siliconlabs/simplicitystudio/v4/developer/toolchains/gnu_arm/4.9_2015q3/bin/../lib/gcc/arm-none-eabi/4.9.3/armv7e-m/softfp/crtbegin.o
 .jcr           0x20000078        0x4 c:/siliconlabs/simplicitystudio/v4/developer/toolchains/gnu_arm/4.9_2015q3/bin/../lib/gcc/arm-none-eabi/4.9.3/armv7e-m/softfp/crtend.o
                0x2000007c                . = ALIGN (0x4)
                0x2000007c                __data_end__ = .

.igot.plt       0x2000007c        0x0 load address 0x000028c4
 .igot.plt      0x00000000        0x0 c:/siliconlabs/simplicitystudio/v4/developer/toolchains/gnu_arm/4.9_2015q3/bin/../lib/gcc/arm-none-eabi/4.9.3/armv7e-m/softfp/crtbegin.o

.bss            0x2000007c       0x24 load address 0x000028c4
                0x2000007c                . = ALIGN (0x4)
                0x2000007c                __bss_start__ = .
 *(.bss*)
 .bss           0x2000007c       0x1c c:/siliconlabs/simplicitystudio/v4/developer/toolchains/gnu_arm/4.9_2015q3/bin/../lib/gcc/arm-none-eabi/4.9.3/armv7e-m/softfp/crtbegin.o
 .bss.sampleValue
                0x20000098        0x4 ./src/main.o
                0x20000098                sampleValue
 *(COMMON)
 COMMON         0x2000009c        0x4 c:/siliconlabs/simplicitystudio/v4/developer/toolchains/gnu_arm/4.9_2015q3/bin/../lib/gcc/arm-none-eabi/4.9.3/../../../../arm-none-eabi/lib/armv7e-m/softfp\libc_nano.a(lib_a-reent.o)
                0x2000009c                errno
                0x200000a0                . = ALIGN (0x4)
                0x200000a0                __bss_end__ = .

.heap           0x200000a0      0xc00
                0x200000a0                __HeapBase = .
                0x200000a0                __end__ = .
                0x200000a0                end = __end__
                0x200000a0                _end = __end__
 *(.heap*)
 .heap          0x200000a0      0xc00 ./CMSIS/EFM32WG/startup_efm32wg.o
                0x20000ca0                __HeapLimit = .

.stack_dummy    0x200000a0      0x400
 *(.stack*)
 .stack         0x200000a0      0x400 ./CMSIS/EFM32WG/startup_efm32wg.o
                0x20008000                __StackTop = (ORIGIN (RAM) + 0x8000)
                0x20007c00                __StackLimit = (__StackTop - SIZEOF (.stack_dummy))
                0x20008000                PROVIDE (__stack, __StackTop)
                0x00000001                ASSERT ((__StackLimit >= __HeapLimit), region RAM overflowed with stack)
                0x00000001                ASSERT ((0x40000 >= (__etext + SIZEOF (.data))), FLASH memory overflowed !)
OUTPUT(emptyCxxProject.axf elf32-littlearm)

.ARM.attributes
                0x00000000       0x2e
 .ARM.attributes
                0x00000000       0x22 c:/siliconlabs/simplicitystudio/v4/developer/toolchains/gnu_arm/4.9_2015q3/bin/../lib/gcc/arm-none-eabi/4.9.3/armv7e-m/softfp/crti.o
 .ARM.attributes
                0x00000022       0x32 c:/siliconlabs/simplicitystudio/v4/developer/toolchains/gnu_arm/4.9_2015q3/bin/../lib/gcc/arm-none-eabi/4.9.3/armv7e-m/softfp/crtbegin.o
 .ARM.attributes
                0x00000054       0x20 c:/siliconlabs/simplicitystudio/v4/developer/toolchains/gnu_arm/4.9_2015q3/bin/../lib/gcc/arm-none-eabi/4.9.3/../../../../arm-none-eabi/lib/armv7e-m/softfp/crt0.o
 .ARM.attributes
                0x00000074       0x1b ./CMSIS/EFM32WG/startup_efm32wg.o
 .ARM.attributes
                0x0000008f       0x37 ./CMSIS/EFM32WG/system_efm32wg.o
 .ARM.attributes
                0x000000c6       0x37 ./emlib/em_adc.o
 .ARM.attributes
                0x000000fd       0x37 ./emlib/em_cmu.o
 .ARM.attributes
                0x00000134       0x37 ./emlib/em_dma.o
 .ARM.attributes
                0x0000016b       0x37 ./emlib/em_gpio.o
 .ARM.attributes
                0x000001a2       0x37 ./emlib/em_timer.o
 .ARM.attributes
                0x000001d9       0x37 ./src/main.o
 .ARM.attributes
                0x00000210       0x32 c:/siliconlabs/simplicitystudio/v4/developer/toolchains/gnu_arm/4.9_2015q3/bin/../lib/gcc/arm-none-eabi/4.9.3/../../../../arm-none-eabi/lib/armv7e-m/softfp\libc_nano.a(lib_a-exit.o)
 .ARM.attributes
                0x00000242       0x32 c:/siliconlabs/simplicitystudio/v4/developer/toolchains/gnu_arm/4.9_2015q3/bin/../lib/gcc/arm-none-eabi/4.9.3/../../../../arm-none-eabi/lib/armv7e-m/softfp\libc_nano.a(lib_a-impure.o)
 .ARM.attributes
                0x00000274       0x32 c:/siliconlabs/simplicitystudio/v4/developer/toolchains/gnu_arm/4.9_2015q3/bin/../lib/gcc/arm-none-eabi/4.9.3/../../../../arm-none-eabi/lib/armv7e-m/softfp\libc_nano.a(lib_a-init.o)
 .ARM.attributes
                0x000002a6       0x32 c:/siliconlabs/simplicitystudio/v4/developer/toolchains/gnu_arm/4.9_2015q3/bin/../lib/gcc/arm-none-eabi/4.9.3/../../../../arm-none-eabi/lib/armv7e-m/softfp\libc_nano.a(lib_a-memset.o)
 .ARM.attributes
                0x000002d8       0x32 c:/siliconlabs/simplicitystudio/v4/developer/toolchains/gnu_arm/4.9_2015q3/bin/../lib/gcc/arm-none-eabi/4.9.3/../../../../arm-none-eabi/lib/armv7e-m/softfp\libnosys.a(_exit.o)
 .ARM.attributes
                0x0000030a       0x32 c:/siliconlabs/simplicitystudio/v4/developer/toolchains/gnu_arm/4.9_2015q3/bin/../lib/gcc/arm-none-eabi/4.9.3/armv7e-m/softfp/crtend.o
 .ARM.attributes
                0x0000033c       0x22 c:/siliconlabs/simplicitystudio/v4/developer/toolchains/gnu_arm/4.9_2015q3/bin/../lib/gcc/arm-none-eabi/4.9.3/armv7e-m/softfp/crtn.o

.comment        0x00000000       0x70
 .comment       0x00000000       0x70 ./CMSIS/EFM32WG/system_efm32wg.o
                                 0x71 (size before relaxing)
 .comment       0x00000000       0x71 ./emlib/em_adc.o
 .comment       0x00000000       0x71 ./emlib/em_cmu.o
 .comment       0x00000000       0x71 ./emlib/em_dma.o
 .comment       0x00000000       0x71 ./emlib/em_gpio.o
 .comment       0x00000000       0x71 ./emlib/em_timer.o
 .comment       0x00000000       0x71 ./src/main.o

.debug_line     0x00000000     0x259b
 .debug_line    0x00000000       0xd3 ./CMSIS/EFM32WG/startup_efm32wg.o
 .debug_line    0x000000d3      0x38a ./CMSIS/EFM32WG/system_efm32wg.o
 .debug_line    0x0000045d      0x3b0 ./emlib/em_adc.o
 .debug_line    0x0000080d      0xa00 ./emlib/em_cmu.o
 .debug_line    0x0000120d      0x582 ./emlib/em_dma.o
 .debug_line    0x0000178f      0x46b ./emlib/em_gpio.o
 .debug_line    0x00001bfa      0x56e ./emlib/em_timer.o
 .debug_line    0x00002168      0x433 ./src/main.o

.debug_info     0x00000000     0x5987
 .debug_info    0x00000000      0x104 ./CMSIS/EFM32WG/startup_efm32wg.o
 .debug_info    0x00000104      0x723 ./CMSIS/EFM32WG/system_efm32wg.o
 .debug_info    0x00000827      0xaa5 ./emlib/em_adc.o
 .debug_info    0x000012cc     0x1287 ./emlib/em_cmu.o
 .debug_info    0x00002553     0x12f1 ./emlib/em_dma.o
 .debug_info    0x00003844      0x65f ./emlib/em_gpio.o
 .debug_info    0x00003ea3      0x913 ./emlib/em_timer.o
 .debug_info    0x000047b6     0x11d1 ./src/main.o

.debug_abbrev   0x00000000      0xddf
 .debug_abbrev  0x00000000       0x14 ./CMSIS/EFM32WG/startup_efm32wg.o
 .debug_abbrev  0x00000014      0x1a3 ./CMSIS/EFM32WG/system_efm32wg.o
 .debug_abbrev  0x000001b7      0x1b0 ./emlib/em_adc.o
 .debug_abbrev  0x00000367      0x2b7 ./emlib/em_cmu.o
 .debug_abbrev  0x0000061e      0x24d ./emlib/em_dma.o
 .debug_abbrev  0x0000086b      0x1c2 ./emlib/em_gpio.o
 .debug_abbrev  0x00000a2d      0x174 ./emlib/em_timer.o
 .debug_abbrev  0x00000ba1      0x23e ./src/main.o

.debug_aranges  0x00000000      0x448
 .debug_aranges
                0x00000000       0x20 ./CMSIS/EFM32WG/startup_efm32wg.o
 .debug_aranges
                0x00000020       0x70 ./CMSIS/EFM32WG/system_efm32wg.o
 .debug_aranges
                0x00000090       0x50 ./emlib/em_adc.o
 .debug_aranges
                0x000000e0      0x160 ./emlib/em_cmu.o
 .debug_aranges
                0x00000240       0xc0 ./emlib/em_dma.o
 .debug_aranges
                0x00000300       0x70 ./emlib/em_gpio.o
 .debug_aranges
                0x00000370       0x58 ./emlib/em_timer.o
 .debug_aranges
                0x000003c8       0x80 ./src/main.o

.debug_loc      0x00000000     0x23f0
 .debug_loc     0x00000000      0x31c ./CMSIS/EFM32WG/system_efm32wg.o
 .debug_loc     0x0000031c      0x23c ./emlib/em_adc.o
 .debug_loc     0x00000558      0xd0c ./emlib/em_cmu.o
 .debug_loc     0x00001264      0x72c ./emlib/em_dma.o
 .debug_loc     0x00001990      0x3d0 ./emlib/em_gpio.o
 .debug_loc     0x00001d60      0x2b0 ./emlib/em_timer.o
 .debug_loc     0x00002010      0x3e0 ./src/main.o

.debug_ranges   0x00000000      0x3b8
 .debug_ranges  0x00000000       0x60 ./CMSIS/EFM32WG/system_efm32wg.o
 .debug_ranges  0x00000060       0x40 ./emlib/em_adc.o
 .debug_ranges  0x000000a0      0x150 ./emlib/em_cmu.o
 .debug_ranges  0x000001f0       0xb0 ./emlib/em_dma.o
 .debug_ranges  0x000002a0       0x60 ./emlib/em_gpio.o
 .debug_ranges  0x00000300       0x48 ./emlib/em_timer.o
 .debug_ranges  0x00000348       0x70 ./src/main.o

.debug_str      0x00000000     0x2bfb
 .debug_str     0x00000000      0x4bb ./CMSIS/EFM32WG/system_efm32wg.o
                                0x542 (size before relaxing)
 .debug_str     0x000004bb      0x8ba ./emlib/em_adc.o
                                0xc10 (size before relaxing)
 .debug_str     0x00000d75      0x78c ./emlib/em_cmu.o
                                0xdc9 (size before relaxing)
 .debug_str     0x00001501      0x899 ./emlib/em_dma.o
                                0xdbc (size before relaxing)
 .debug_str     0x00001d9a      0x37b ./emlib/em_gpio.o
                                0x628 (size before relaxing)
 .debug_str     0x00002115      0x6d5 ./emlib/em_timer.o
                                0x9bc (size before relaxing)
 .debug_str     0x000027ea      0x411 ./src/main.o
                               0x1600 (size before relaxing)

.debug_frame    0x00000000     0x114c
 .debug_frame   0x00000000      0x180 ./CMSIS/EFM32WG/system_efm32wg.o
 .debug_frame   0x00000180      0x110 ./emlib/em_adc.o
 .debug_frame   0x00000290      0x608 ./emlib/em_cmu.o
 .debug_frame   0x00000898      0x340 ./emlib/em_dma.o
 .debug_frame   0x00000bd8      0x1c0 ./emlib/em_gpio.o
 .debug_frame   0x00000d98      0x140 ./emlib/em_timer.o
 .debug_frame   0x00000ed8      0x1e0 ./src/main.o
 .debug_frame   0x000010b8       0x28 c:/siliconlabs/simplicitystudio/v4/developer/toolchains/gnu_arm/4.9_2015q3/bin/../lib/gcc/arm-none-eabi/4.9.3/../../../../arm-none-eabi/lib/armv7e-m/softfp\libc_nano.a(lib_a-exit.o)
 .debug_frame   0x000010e0       0x2c c:/siliconlabs/simplicitystudio/v4/developer/toolchains/gnu_arm/4.9_2015q3/bin/../lib/gcc/arm-none-eabi/4.9.3/../../../../arm-none-eabi/lib/armv7e-m/softfp\libc_nano.a(lib_a-init.o)
 .debug_frame   0x0000110c       0x20 c:/siliconlabs/simplicitystudio/v4/developer/toolchains/gnu_arm/4.9_2015q3/bin/../lib/gcc/arm-none-eabi/4.9.3/../../../../arm-none-eabi/lib/armv7e-m/softfp\libc_nano.a(lib_a-memset.o)
 .debug_frame   0x0000112c       0x20 c:/siliconlabs/simplicitystudio/v4/developer/toolchains/gnu_arm/4.9_2015q3/bin/../lib/gcc/arm-none-eabi/4.9.3/../../../../arm-none-eabi/lib/armv7e-m/softfp\libnosys.a(_exit.o)

.stabstr        0x00000000       0x76
 .stabstr       0x00000000       0x76 c:/siliconlabs/simplicitystudio/v4/developer/toolchains/gnu_arm/4.9_2015q3/bin/../lib/gcc/arm-none-eabi/4.9.3/../../../../arm-none-eabi/lib/armv7e-m/softfp\libnosys.a(getpid.o)
